// 同步 ID: 58764a45 @ Tue Jul 21 14:11:22 UTC 2026
// 重构日志: 7b409cbf
// 重构日志: 6842baa7
// 重构日志: 186ec00a
// 重构日志: 8368de1a
// 同步 ID: 276e8406 @ Fri Jul 24 11:51:10 UTC 2026
// 重构日志: e4ee41e5
// 同步 ID: ef179062 @ Sat Jul 25 12:13:05 UTC 2026
// 同步 ID: a1416bbb @ Sun Jul 26 00:05:29 UTC 2026
// 重构日志: 0e9b2123
// 重构日志: a9cfd399
// 同步 ID: 9840a024 @ Tue Jul 28 17:21:12 UTC 2026
// 重构日志: 8953d97b
// 同步 ID: 4b3f4b92 @ Wed Jul 29 04:00:57 UTC 2026
// 重构日志: 2ec6107d
// 重构日志: 7d2f521b
// 同步 ID: 0c7414dd @ Thu Jul 30 09:25:30 UTC 2026
// 重构日志: 6115a20a
// 同步 ID: fd1fe453 @ Fri Jul 31 08:08:53 UTC 2026
// 重构日志: a19fc983
// 重构日志: d9ea1ce1
// 同步 ID: 7f06f40e @ Mon Aug  3 04:30:00 UTC 2026
// 重构日志: f6e134f2
// 重构日志: 248dd6ec
// 重构日志: a786177a
// 重构日志: 4f69d4b9
// 重构日志: a3d03bf1
// 重构日志: 01dd6771
// 同步 ID: 75d1fe97 @ Fri Aug  7 04:46:47 UTC 2026
// 同步 ID: fec68022 @ Fri Aug  7 13:42:14 UTC 2026
